I'm sorry, but errors were detected in your script. Please correct the
errors listed below, and try again.


File "game/screens.rpy", line 1228: 'yalign' is not a keyword argument or valid child for the screen statement.
    yalign 0.3
          ^

Ren'Py Version: Ren'Py 8.0.3.22090809
Mon Jul 22 15:45:45 2024
